<html>
<body>
<pre>
<h1>礦ision3 Build Log</h1>
<h2>Project:</h2>
D:\CD1-EMSBC2410产品资料\CD1-EMSBC2410产品资料\03_程序源码\01_MDK Code\04_UART_Test\UART_Test.uv2
Project File Date:  08/05/2008

<h2>Output:</h2>
Build target 'UART_Test IN FLASH'
assembling S3C2410A.s...
S3C2410A.s(989): warning: A1786W: This instruction using SP is deprecated in ARMv7
compiling main.c...
compiling uart_test.c...
compiling 2410lib.c...
compiling sys_init.c...
linking...
Program Size: Code=16040 RO-data=612 RW-data=16 ZI-data=59488  
".\NOR FLASH\UART_Test.axf" - 0 Error(s), 1 Warning(s).
Build target 'UART_Test IN FLASH'
assembling S3C2410A.s...
S3C2410A.s(989): warning: A1786W: This instruction using SP is deprecated in ARMv7
compiling main.c...
compiling uart_test.c...
compiling 2410lib.c...
compiling sys_init.c...
linking...
Program Size: Code=16040 RO-data=612 RW-data=16 ZI-data=59488  
".\NOR FLASH\UART_Test.axf" - 0 Error(s), 1 Warning(s).
