ARM Linker, RVCT3.1 [Build 942] for uVision [Standard]

================================================================================

Section Cross References

    s3c2410a.o(STACK) refers (Special) to stkheap2.o(.text) for __use_two_region_memory
    s3c2410a.o(HEAP) refers (Special) to stkheap2.o(.text) for __use_two_region_memory
    s3c2410a.o(RESET) refers to s3c2410a.o(STACK) for Stack_Top
    s3c2410a.o(RESET) refers to __main.o(!!!main) for __main
    s3c2410a.o(RESET) refers (Special) to stkheap2.o(.text) for __use_two_region_memory
    s3c2410a.o(.text) refers to s3c2410a.o(HEAP) for Heap_Mem
    s3c2410a.o(.text) refers to s3c2410a.o(STACK) for Stack_Mem
    s3c2410a.o(.text) refers (Special) to stkheap2.o(.text) for __use_two_region_memory
    main.o(.text) refers to sys_init.o(.text) for sys_init
    main.o(.text) refers to uart_test.o(.text) for uart1_test
    uart_test.o(.text) refers to 2410lib.o(.text) for uart_printf
    2410lib.o(.text) refers to dflt_noclz.o(x$fpl$dflt) for __aeabi_i2d
    2410lib.o(.text) refers to ddiv.o(x$fpl$ddiv) for __aeabi_ddiv
    2410lib.o(.text) refers to daddsub_noclz.o(x$fpl$dadd) for __aeabi_dadd
    2410lib.o(.text) refers to dfix.o(x$fpl$dfix) for __aeabi_d2iz
    2410lib.o(.text) refers to aeabi_sdiv.o(.text) for __aeabi_idivmod
    2410lib.o(.text) refers to 2410lib.o(.data) for .data
    2410lib.o(.text) refers to c89vsprintf.o(.text) for __c89vsprintf
    2410lib.o(.text) refers to strlen.o(.text) for strlen
    2410lib.o(.text) refers to atoi.o(.text) for atoi
    2410lib.o(.text) refers to rt_ctype_table.o(.text) for __rt_ctype_table
    sys_init.o(.text) refers to 2410lib.o(.text) for uart_printf
    sys_init.o(.text) refers to sys_init.o(.data) for nCNT
    sys_init.o(.text) refers to sys_init.o(.constdata) for .constdata
    rt_ctype_table.o(.text) refers to rt_locale_intlibspace.o(.text) for __rt_locale
    rt_ctype_table.o(.text) refers to lc_ctype_c.o(locale$$code) for _get_lc_ctype
    atoi.o(.text) refers to rt_errno_addr_intlibspace.o(.text) for __aeabi_errno_addr
    atoi.o(.text) refers to strtol.o(.text) for strtol
    c89vsprintf.o(.text) refers to _printf_char_common.o(.text) for _printf_char_common
    c89vsprintf.o(.text) refers to _sputc.o(.text) for _sputc
    c89vsprintf.o(.text) refers (Special) to _printf_charcount.o(.text) for _printf_charcount
    c89vsprintf.o(.text) refers (Special) to _printf_wctomb.o(.text) for _printf_wctomb
    c89vsprintf.o(.text) refers (Special) to _printf_truncate.o(.text) for _printf_truncate_unsigned
    c89vsprintf.o(.text) refers (Special) to _printf_str.o(.text) for _printf_str
    c89vsprintf.o(.text) refers (Special) to _printf_pad.o(.text) for _printf_pre_padding
    c89vsprintf.o(.text) refers (Special) to _printf_longlong_oct.o(.text) for _printf_longlong_oct
    c89vsprintf.o(.text) refers (Special) to _printf_longlong_hex.o(.text) for _printf_longlong_hex
    c89vsprintf.o(.text) refers (Special) to _printf_longlong_dec.o(.text) for _printf_longlong_dec
    c89vsprintf.o(.text) refers (Special) to _printf_dec.o(.text) for _printf_int_dec
    c89vsprintf.o(.text) refers (Special) to printf1.o(x$fpl$printf1) for _printf_fp_dec
    aeabi_sdiv.o(.text_udiv) refers to aeabi_sdiv.o(.text) for __arm_div4
    aeabi_sdiv_div0.o(.text_udiv) refers to aeabi_sdiv_div0.o(.text) for __arm_div4
    stkheap2.o(.text) refers to sys_stackheap_outer.o(.text) for __user_setup_stackheap
    stkheap2.o(.text) refers to rt_stackheap_storage_intlibspace.o(.text) for __rt_stackheap_storage
    __main.o(!!!main) refers to kernel.o(.text) for __rt_entry
    daddsub_noclz.o(x$fpl$dadd) refers to daddsub_noclz.o(x$fpl$dsub) for _dsub1
    daddsub_noclz.o(x$fpl$dadd) refers to dcheck.o(x$fpl$dcheck) for __fpl_dcheck_NaN2
    daddsub_noclz.o(x$fpl$dadd) refers (Special) to usenofp.o(x$fpl$usenofp) for __I_use_fp
    daddsub_noclz.o(x$fpl$dadd) refers (Special) to dunder.o(x$fpl$dunder) for __dunder_d
    daddsub_noclz.o(x$fpl$drsb) refers to daddsub_noclz.o(x$fpl$dadd) for _dadd1
    daddsub_noclz.o(x$fpl$drsb) refers to daddsub_noclz.o(x$fpl$dsub) for _dsub1
    daddsub_noclz.o(x$fpl$drsb) refers (Special) to usenofp.o(x$fpl$usenofp) for __I_use_fp
    daddsub_noclz.o(x$fpl$drsb) refers (Special) to dunder.o(x$fpl$dunder) for __dunder_d
    daddsub_noclz.o(x$fpl$dsub) refers to daddsub_noclz.o(x$fpl$dadd) for _dadd1
    daddsub_noclz.o(x$fpl$dsub) refers to dcheck.o(x$fpl$dcheck) for __fpl_dcheck_NaN2
    daddsub_noclz.o(x$fpl$dsub) refers (Special) to usenofp.o(x$fpl$usenofp) for __I_use_fp
    daddsub_noclz.o(x$fpl$dsub) refers (Special) to dunder.o(x$fpl$dunder) for __dunder_d
    ddiv.o(x$fpl$drdiv) refers to ddiv.o(x$fpl$ddiv) for ddiv_entry
    ddiv.o(x$fpl$drdiv) refers (Special) to usenofp.o(x$fpl$usenofp) for __I_use_fp
    ddiv.o(x$fpl$drdiv) refers (Special) to dunder.o(x$fpl$dunder) for __dunder
    ddiv.o(x$fpl$ddiv) refers to dcheck.o(x$fpl$dcheck) for __fpl_dcheck_NaN2
    ddiv.o(x$fpl$ddiv) refers (Special) to usenofp.o(x$fpl$usenofp) for __I_use_fp
    ddiv.o(x$fpl$ddiv) refers (Special) to dunder.o(x$fpl$dunder) for __dunder
    dfix.o(x$fpl$dfix) refers to dcheck1.o(x$fpl$dcheck1) for __fpl_dcheck_NaN1
    dfix.o(x$fpl$dfix) refers (Special) to usenofp.o(x$fpl$usenofp) for __I_use_fp
    dfix.o(x$fpl$dfixr) refers to dcheck1.o(x$fpl$dcheck1) for __fpl_dcheck_NaN1
    dfix.o(x$fpl$dfixr) refers (Special) to usenofp.o(x$fpl$usenofp) for __I_use_fp
    dflt_noclz.o(x$fpl$dfltu) refers to dflt_noclz.o(x$fpl$dflt) for __dflt_normalise
    dflt_noclz.o(x$fpl$dfltu) refers (Special) to usenofp.o(x$fpl$usenofp) for __I_use_fp
    dflt_noclz.o(x$fpl$dflt) refers (Special) to usenofp.o(x$fpl$usenofp) for __I_use_fp
    kernel.o(.text) refers to stkheap2.o(.text) for __rt_stackheap_init
    kernel.o(.text) refers to boardinit2.o(.text) for _platform_post_stackheap_init
    kernel.o(.text) refers to lib_init.o(.text) for __rt_lib_init
    kernel.o(.text) refers to boardinit3.o(.text) for _platform_post_lib_init
    kernel.o(.text) refers to exit.o(.text) for exit
    kernel.o(.text) refers to main.o(.text) for main
    kernel.o(.text) refers to sys_exit.o(.text) for _sys_exit
    kernel.o(.ARM.exidx) refers to kernel.o(.text) for __rt_entry
    sys_stackheap_outer.o(.text) refers to libspace.o(.text) for __user_perproc_libspace
    sys_stackheap_outer.o(.text) refers to s3c2410a.o(.text) for __user_initial_stackheap
    rt_errno_addr.o(.text) refers to rt_errno_addr.o(.bss) for __aeabi_errno_addr_data
    aeabi_idiv0_sigfpe.o(.text) refers to rt_div0.o(.text) for __rt_div0
    rt_errno_addr_intlibspace.o(.text) refers to libspace.o(.bss) for __libspace_start
    rt_stackheap_storage.o(.text) refers to rt_stackheap_storage.o(.bss) for __rt_stackheap_storage_data
    rt_stackheap_storage_intlibspace.o(.text) refers to libspace.o(.bss) for __libspace_start
    rt_locale.o(.text) refers to rt_locale.o(.bss) for __rt_locale_data
    rt_locale_intlibspace.o(.text) refers to libspace.o(.bss) for __libspace_start
    _printf_pad.o(.text) refers to callvia.o(.text) for __ARM_call_via_r2
    _printf_str.o(.text) refers (Weak) to _printf_pad.o(.text) for _printf_pre_padding
    _printf_str.o(.text) refers to callvia.o(.text) for __ARM_call_via_r3
    _printf_str.o(.text) refers (Weak) to _printf_pad.o(.text) for _printf_post_padding
    _printf_wctomb.o(.text) refers to _wcrtomb.o(.text) for _wcrtomb
    _printf_wctomb.o(.text) refers (Weak) to _printf_pad.o(.text) for _printf_pre_padding
    _printf_wctomb.o(.text) refers to callvia.o(.text) for __ARM_call_via_r2
    _printf_wctomb.o(.text) refers (Weak) to _printf_pad.o(.text) for _printf_post_padding
    _printf_wctomb.o(.text) refers to _printf_wctomb.o(.constdata) for .constdata
    _printf_longlong_hex.o(.text) refers (Weak) to _printf_truncate.o(.text) for _printf_truncate_unsigned
    _printf_longlong_hex.o(.text) refers to _printf_intcommon.o(.text) for _printf_int_common
    _printf_longlong_hex.o(.text) refers to _printf_longlong_hex.o(.constdata) for .constdata
    _printf_longlong_oct.o(.text) refers (Weak) to _printf_truncate.o(.text) for _printf_truncate_unsigned
    _printf_longlong_oct.o(.text) refers to _printf_intcommon.o(.text) for _printf_int_common
    _printf_dec.o(.text) refers (Weak) to _printf_truncate.o(.text) for _printf_truncate_signed
    _printf_dec.o(.text) refers (Weak) to _printf_truncate.o(.text) for _printf_truncate_unsigned
    _printf_dec.o(.text) refers to rtudiv10.o(.text) for __rt_udiv10
    _printf_dec.o(.text) refers to _printf_intcommon.o(.text) for _printf_int_common
    _printf_longlong_dec.o(.text) refers to lludiv10.o(.text) for _ll_udiv10
    _printf_longlong_dec.o(.text) refers to _printf_intcommon.o(.text) for _printf_int_common
    _printf_char_common.o(.text) refers to __printf.o(.text) for __printf
    _printf_char_common.o(.text) refers to _printf_outstr_char.o(.text) for _printf_outstr_char
    _printf_char_common.o(.text) refers to _printf_input_char.o(.text) for _printf_input_char
    strtol.o(.text) refers to rt_ctype_table.o(.text) for __rt_ctype_table
    strtol.o(.text) refers to _strtoul.o(.text) for _strtoul
    strtol.o(.text) refers to rt_errno_addr_intlibspace.o(.text) for __aeabi_errno_addr
    lc_ctype_c.o(locale$$code) refers to strcmp.o(.text) for strcmp
    lc_ctype_c.o(locale$$code) refers to lc_ctype_c.o(locale$$data) for __lcctype_c_name
    dcheck.o(x$fpl$dcheck) refers to retnan.o(x$fpl$retnan) for __fpl_return_NaN
    dcheck.o(x$fpl$dcheck) refers (Special) to usenofp.o(x$fpl$usenofp) for __I_use_fp
    dcheck1.o(x$fpl$dcheck1) refers to retnan.o(x$fpl$retnan) for __fpl_return_NaN
    dcheck1.o(x$fpl$dcheck1) refers (Special) to usenofp.o(x$fpl$usenofp) for __I_use_fp
    dunder.o(x$fpl$dunder) refers (Special) to usenofp.o(x$fpl$usenofp) for __I_use_fp
    printf1.o(x$fpl$printf1) refers to _printf_fp_dec.o(.text) for _printf_fp_dec_real
    printf1.o(x$fpl$printf1) refers (Special) to usenofp.o(x$fpl$usenofp) for __I_use_fp
    sys_exit.o(.text) refers to use_no_semi.o(.text) for __I_use_semihosting
    libspace.o(.text) refers to libspace.o(.bss) for __libspace_start
    rt_div0.o(.text) refers to defsig_fpe_outer.o(.text) for __rt_SIGFPE
    __printf.o(.text) refers to callvia.o(.text) for __ARM_call_via_r1
    __printf.o(.text) refers (Weak) to _printf_wctomb.o(.text) for _printf_wctomb
    __printf.o(.text) refers (Weak) to _printf_str.o(.text) for _printf_str
    __printf.o(.text) refers (Weak) to _printf_charcount.o(.text) for _printf_charcount
    __printf.o(.text) refers (Weak) to _printf_longlong_hex.o(.text) for _printf_longlong_hex
    __printf.o(.text) refers (Weak) to _printf_longlong_oct.o(.text) for _printf_longlong_oct
    __printf.o(.text) refers (Weak) to _printf_longlong_dec.o(.text) for _printf_longlong_dec
    __printf.o(.text) refers (Weak) to _printf_dec.o(.text) for _printf_int_dec
    __printf.o(.text) refers (Weak) to printf1.o(x$fpl$printf1) for _printf_fp_dec
    __printf.o(.text) refers to __printf.o(.constdata) for .constdata
    _printf_intcommon.o(.text) refers (Weak) to _printf_pad.o(.text) for _printf_pre_padding
    _printf_intcommon.o(.text) refers to callvia.o(.text) for __ARM_call_via_r2
    _printf_intcommon.o(.text) refers (Weak) to _printf_pad.o(.text) for _printf_pre_padding
    _printf_intcommon.o(.text) refers (Weak) to _printf_pad.o(.text) for _printf_post_padding
    _printf_fp_dec.o(.text) refers to dtoi.o(i.__support_dtoi) for __support_dtoi
    _printf_fp_dec.o(.text) refers to istatus.o(x$fpl$ieeestatus) for __ieee_status
    _printf_fp_dec.o(.text) refers to bigflt0.o(.text) for _btod_etento
    _printf_fp_dec.o(.text) refers to btod.o(CL$$btod_d2e) for _btod_d2e
    _printf_fp_dec.o(.text) refers to btod.o(CL$$btod_ediv) for _btod_ediv
    _printf_fp_dec.o(.text) refers to btod.o(CL$$btod_emul) for _btod_emul
    _printf_fp_dec.o(.text) refers to lludiv10.o(.text) for _ll_udiv10
    _printf_fp_dec.o(.text) refers to classify.o(i.__mathlib_classify) for __mathlib_classify
    _printf_fp_dec.o(.text) refers to rtudiv10.o(.text) for __rt_udiv10
    _printf_fp_dec.o(.text) refers (Weak) to _printf_pad.o(.text) for _printf_pre_padding
    _printf_fp_dec.o(.text) refers to callvia.o(.text) for __ARM_call_via_r2
    _printf_fp_dec.o(.text) refers (Weak) to _printf_pad.o(.text) for _printf_pre_padding
    _printf_fp_dec.o(.text) refers to rt_locale_intlibspace.o(.text) for __rt_locale
    _printf_fp_dec.o(.text) refers (Weak) to _printf_pad.o(.text) for _printf_post_padding
    _printf_fp_dec.o(.text) refers (Special) to usenofp.o(x$fpl$usenofp) for __I_use_fp
    _printf_fp_dec.o(.text) refers (Special) to lc_numeric_c.o(locale$$code) for _get_lc_numeric
    _printf_outstr_char.o(.text) refers to callvia.o(.text) for __ARM_call_via_r2
    _strtoul.o(.text) refers to _chval.o(.text) for _chval
    _strtoul.o(.text) refers to rt_errno_addr_intlibspace.o(.text) for __aeabi_errno_addr
    _wcrtomb.o(.text) refers to rt_ctype_table.o(.text) for __rt_ctype_table
    _wcrtomb.o(.text) refers to callvia.o(.text) for __ARM_call_via_r3
    exit.o(.text) refers to kernel.o(.text) for __rt_exit
    stkheap1.o(.text) refers to sys_stackheap_outer.o(.text) for __user_setup_stackheap
    stkheap1.o(.text) refers to rt_stackheap_storage_intlibspace.o(.text) for __rt_stackheap_storage
    lib_init.o(.emb_text) refers to no_argv.o(.text) for __ARM_get_argv
    lib_init.o(.text) refers to fpinit.o(x$fpl$fpinit) for _fp_init
    lib_init.o(.text) refers to lib_init.o(.emb_text) for __ARM_argv_veneer
    lib_init.o(.text) refers to rt_locale_intlibspace.o(.text) for __rt_locale
    lib_init.o(.text) refers (Weak) to lc_ctype_c.o(locale$$code) for _get_lc_ctype
    lib_init.o(.text) refers (Weak) to lc_numeric_c.o(locale$$code) for _get_lc_numeric
    retnan.o(x$fpl$retnan) refers to trapv.o(x$fpl$trapveneer) for __fpl_cmpreturn
    retnan.o(x$fpl$retnan) refers (Special) to usenofp.o(x$fpl$usenofp) for __I_use_fp
    bigflt0.o(.text) refers to aeabi_sdiv.o(.text) for __aeabi_idivmod
    bigflt0.o(.text) refers to btod.o(CL$$btod_emul) for _btod_emul
    bigflt0.o(.text) refers to btod.o(CL$$btod_ediv) for _btod_ediv
    bigflt0.o(.text) refers to bigflt0.o(.constdata) for .constdata
    bigflt0.o(.text) refers (Special) to usenofp.o(x$fpl$usenofp) for __I_use_fp
    bigflt0.o(.constdata) refers (Special) to usenofp.o(x$fpl$usenofp) for __I_use_fp
    btod.o(CL$$btod_d2e) refers to btod.o(CL$$btod_d2e_norm_op1) for _d2e_norm_op1
    btod.o(CL$$btod_d2e) refers (Special) to usenofp.o(x$fpl$usenofp) for __I_use_fp
    btod.o(CL$$btod_d2e_norm_op1) refers to btod.o(CL$$btod_d2e_denorm_low) for _d2e_denorm_low
    btod.o(CL$$btod_d2e_norm_op1) refers (Special) to usenofp.o(x$fpl$usenofp) for __I_use_fp
    btod.o(CL$$btod_d2e_denorm_low) refers (Special) to usenofp.o(x$fpl$usenofp) for __I_use_fp
    btod.o(CL$$btod_emul) refers to btod.o(CL$$btod_mult_common) for __btod_mult_common
    btod.o(CL$$btod_emul) refers to btod.o(CL$$btod_e2e) for _e2e
    btod.o(CL$$btod_emul) refers (Special) to usenofp.o(x$fpl$usenofp) for __I_use_fp
    btod.o(CL$$btod_ediv) refers to btod.o(CL$$btod_div_common) for __btod_div_common
    btod.o(CL$$btod_ediv) refers to btod.o(CL$$btod_e2e) for _e2e
    btod.o(CL$$btod_ediv) refers (Special) to usenofp.o(x$fpl$usenofp) for __I_use_fp
    btod.o(CL$$btod_emuld) refers to btod.o(CL$$btod_mult_common) for __btod_mult_common
    btod.o(CL$$btod_emuld) refers to btod.o(CL$$btod_e2d) for _e2d
    btod.o(CL$$btod_emuld) refers (Special) to usenofp.o(x$fpl$usenofp) for __I_use_fp
    btod.o(CL$$btod_edivd) refers to btod.o(CL$$btod_div_common) for __btod_div_common
    btod.o(CL$$btod_edivd) refers to btod.o(CL$$btod_e2d) for _e2d
    btod.o(CL$$btod_edivd) refers (Special) to usenofp.o(x$fpl$usenofp) for __I_use_fp
    btod.o(CL$$btod_e2e) refers (Special) to usenofp.o(x$fpl$usenofp) for __I_use_fp
    btod.o(CL$$btod_e2d) refers to btod.o(CL$$btod_e2e) for _e2e
    btod.o(CL$$btod_e2d) refers (Special) to usenofp.o(x$fpl$usenofp) for __I_use_fp
    btod.o(CL$$btod_mult_common) refers (Special) to usenofp.o(x$fpl$usenofp) for __I_use_fp
    btod.o(CL$$btod_div_common) refers (Special) to usenofp.o(x$fpl$usenofp) for __I_use_fp
    lc_numeric_c.o(locale$$code) refers to strcmp.o(.text) for strcmp
    lc_numeric_c.o(locale$$code) refers to lc_numeric_c.o(locale$$data) for __lcnum_c_name
    defsig_fpe_outer.o(.text) refers to defsig_fpe_inner.o(.text) for __rt_SIGFPE_inner
    defsig_fpe_outer.o(.text) refers to defsig_exit.o(.text) for __sig_exit
    defsig_fpe_formal.o(.text) refers to rt_raise.o(.text) for __rt_raise
    _get_argv.o(.text) refers to heapext.o(.text) for __heap_extend
    _get_argv.o(.text) refers to defsig_rtmem_outer.o(.text) for __rt_SIGRTMEM
    _get_argv.o(.text) refers to sys_command.o(.text) for _sys_command_string
    _get_argv.o(.text) refers (Special) to hrguard.o(.text) for __heap_region_guard
    trapv.o(x$fpl$trapveneer) refers (Special) to usenofp.o(x$fpl$usenofp) for __I_use_fp
    istatus.o(x$fpl$ieeestatus) refers (Special) to usenofp.o(x$fpl$usenofp) for __I_use_fp
    fpinit.o(x$fpl$fpinit) refers to rt_fp_status_addr_intlibspace.o(.text) for __rt_fp_status_addr
    classify.o(i.__mathlib_classify) refers to fpclassify.o(i.__ARM_fpclassify) for __ARM_fpclassify
    classify.o(i.__mathlib_classify) refers (Special) to usenofp.o(x$fpl$usenofp) for __I_use_fp
    dtoi.o(i.__support_dtoi) refers to scalbn_noclz.o(x$fpl$scalbn) for __ARM_scalbn
    dtoi.o(i.__support_dtoi) refers (Special) to usenofp.o(x$fpl$usenofp) for __I_use_fp
    sys_command.o(.text) refers (Special) to use_no_semi.o(.text) for __I_use_semihosting
    rt_raise.o(.text) refers to __raise.o(.text) for __raise
    rt_raise.o(.text) refers to sys_exit.o(.text) for _sys_exit
    rt_fp_status_addr.o(.text) refers to rt_fp_status_addr.o(.bss) for __rt_fp_status_addr_data
    rt_fp_status_addr_intlibspace.o(.text) refers to libspace.o(.bss) for __libspace_start
    defsig_exit.o(.text) refers to sys_exit.o(.text) for _sys_exit
    defsig_fpe_inner.o(.text) refers to defsig_general.o(.text) for __default_signal_display
    defsig_rtmem_outer.o(.text) refers to defsig_rtmem_inner.o(.text) for __rt_SIGRTMEM_inner
    defsig_rtmem_outer.o(.text) refers to defsig_exit.o(.text) for __sig_exit
    defsig_rtmem_formal.o(.text) refers to rt_raise.o(.text) for __rt_raise
    heapext.o(.text) refers to stkheap2.o(.text) for __rt_heap_extend
    scalbn_noclz.o(x$fpl$scalbnl) refers to scalbn_noclz.o(x$fpl$scalbn) for scalbn
    scalbn_noclz.o(x$fpl$scalbnl) refers (Special) to usenofp.o(x$fpl$usenofp) for __I_use_fp
    scalbn_noclz.o(x$fpl$scalblnl) refers to scalbn_noclz.o(x$fpl$scalbn) for scalbn
    scalbn_noclz.o(x$fpl$scalblnl) refers (Special) to usenofp.o(x$fpl$usenofp) for __I_use_fp
    scalbn_noclz.o(x$fpl$scalbln) refers to scalbn_noclz.o(x$fpl$scalbn) for scalbn
    scalbn_noclz.o(x$fpl$scalbln) refers (Special) to usenofp.o(x$fpl$usenofp) for __I_use_fp
    scalbn_noclz.o(x$fpl$scalbn) refers to dcheck1.o(x$fpl$dcheck1) for __fpl_dcheck_NaN1
    scalbn_noclz.o(x$fpl$scalbn) refers (Special) to usenofp.o(x$fpl$usenofp) for __I_use_fp
    fpclassify.o(i.__ARM_fpclassify) refers (Special) to usenofp.o(x$fpl$usenofp) for __I_use_fp
    __raise.o(.text) refers to defsig.o(CL$$defsig) for __default_signal_handler
    __raise.o(.text) refers to callvia.o(.text) for __ARM_call_via_r2
    defsig_general.o(.text) refers to sys_wrch.o(.text) for _ttywrch
    defsig_rtmem_inner.o(.text) refers to defsig_general.o(.text) for __default_signal_display
    sys_wrch.o(.text) refers (Special) to use_no_semi.o(.text) for __I_use_semihosting
    defsig.o(CL$$defsig) refers to defsig_fpe_inner.o(.text) for __rt_SIGFPE_inner
    defsig.o(CL$$defsig) refers to defsig_rtmem_inner.o(.text) for __rt_SIGRTMEM_inner
    defsig_abrt_inner.o(.text) refers to defsig_general.o(.text) for __default_signal_display
    defsig_rtred_inner.o(.text) refers to defsig_general.o(.text) for __default_signal_display
    defsig_stak_inner.o(.text) refers to defsig_general.o(.text) for __default_signal_display
    defsig_pvfn_inner.o(.text) refers to defsig_general.o(.text) for __default_signal_display
    defsig_cppl_inner.o(.text) refers to defsig_general.o(.text) for __default_signal_display
    defsig_segv_inner.o(.text) refers to defsig_general.o(.text) for __default_signal_display
    defsig_other.o(.text) refers to defsig_general.o(.text) for __default_signal_display


================================================================================

Adding Veneers to the image

    Adding AT veneer (12 bytes, Long) for call to '_printf_fp_dec_real' from printf1.o(x$fpl$printf1).
    Adding TA veneer (8 bytes, Short) for call to '__rt_exit' from exit.o(.text).
    Adding AT veneer (12 bytes, Long) for call to '__rt_lib_shutdown' from kernel.o(.text).
    Adding TA veneer (4 bytes, Inline) for call to '_printf_fp_dec' from __printf.o(.text).
    Adding TA veneer (4 bytes, Inline) for call to '__ieee_status' from _printf_fp_dec.o(.text).
    Adding TA veneer (4 bytes, Inline) for call to '_fp_init' from lib_init.o(.text).
    Adding TA veneer (4 bytes, Inline) for call to '_get_lc_numeric' from lib_init.o(.text).
    Adding TA veneer (4 bytes, Inline) for call to '_get_lc_ctype' from lib_init.o(.text).
    Adding TA veneer (4 bytes, Inline) for call to '__support_dtoi' from _printf_fp_dec.o(.text).
    Adding TA veneer (4 bytes, Inline) for call to '__mathlib_classify' from _printf_fp_dec.o(.text).
    Adding TA veneer (4 bytes, Inline) for call to '_btod_emul' from _printf_fp_dec.o(.text).
    Adding TA veneer (4 bytes, Inline) for call to '_btod_ediv' from _printf_fp_dec.o(.text).
    Adding TA veneer (4 bytes, Inline) for call to '_btod_d2e' from _printf_fp_dec.o(.text).
    Adding AT veneer (8 bytes, Inline) for call to '__rt_lib_init' from kernel.o(.text).
    Adding TA veneer (4 bytes, Inline) for call to '__rt_udiv10' from _printf_dec.o(.text).
    Adding TA veneer (4 bytes, Inline) for call to '_ll_udiv10' from _printf_longlong_dec.o(.text).
    Adding TA veneer (4 bytes, Inline) for call to '__rt_locale' from _printf_fp_dec.o(.text).
    Adding TA veneer (4 bytes, Inline) for call to '__aeabi_errno_addr' from atoi.o(.text).
    Adding TA veneer (4 bytes, Inline) for call to '__aeabi_idivmod' from bigflt0.o(.text).
    Adding AT veneer (8 bytes, Inline) for call to 'strlen' from 2410lib.o(.text).
    Adding AT veneer (8 bytes, Inline) for call to '__c89vsprintf' from 2410lib.o(.text).
    Adding AT veneer (8 bytes, Inline) for call to 'atoi' from 2410lib.o(.text).
    Adding TA veneer (4 bytes, Inline) for call to '__rt_ctype_table' from strtol.o(.text).
    Adding TA veneer (4 bytes, Inline) for call to '__ARM_argv_veneer' from lib_init.o(.text).

24 Veneer(s) (total 132 bytes) added to the image.

================================================================================

Image Symbol Table

    Local Symbols

    Symbol Name                              Value     Ov Type        Size  Object(Section)

    ../../angel/boardlib.s                   0x00000000   Number         0  boardinit3.o ABSOLUTE
    ../../angel/boardlib.s                   0x00000000   Number         0  boardinit1.o ABSOLUTE
    ../../angel/boardlib.s                   0x00000000   Number         0  boardinit2.o ABSOLUTE
    ../../angel/boardlib.s                   0x00000000   Number         0  cpuinit.o ABSOLUTE
    ../../angel/boardlib.s                   0x00000000   Number         0  boardshut.o ABSOLUTE
    ../../angel/handlers.s                   0x00000000   Number         0  __scatter_zi.o ABSOLUTE
    ../../angel/handlers.s                   0x00000000   Number         0  __scatter_copy.o ABSOLUTE
    ../../angel/kernel.s                     0x00000000   Number         0  kernel.o ABSOLUTE
    ../../angel/rt.s                         0x00000000   Number         0  rt_locale.o ABSOLUTE
    ../../angel/rt.s                         0x00000000   Number         0  rt_fp_status_addr.o ABSOLUTE
    ../../angel/rt.s                         0x00000000   Number         0  rt_raise.o ABSOLUTE
    ../../angel/rt.s                         0x00000000   Number         0  rt_locale_intlibspace.o ABSOLUTE
    ../../angel/rt.s                         0x00000000   Number         0  rt_errno_addr.o ABSOLUTE
    ../../angel/rt.s                         0x00000000   Number         0  aeabi_idiv0_sigfpe.o ABSOLUTE
    ../../angel/rt.s                         0x00000000   Number         0  rt_div0.o ABSOLUTE
    ../../angel/rt.s                         0x00000000   Number         0  rt_stackheap_storage_intlibspace.o ABSOLUTE
    ../../angel/rt.s                         0x00000000   Number         0  rt_stackheap_storage.o ABSOLUTE
    ../../angel/rt.s                         0x00000000   Number         0  rt_ctype_table.o ABSOLUTE
    ../../angel/rt.s                         0x00000000   Number         0  rt_errno_addr_intlibspace.o ABSOLUTE
    ../../angel/rt.s                         0x00000000   Number         0  rt_fp_status_addr_intlibspace.o ABSOLUTE
    ../../angel/rt.s                         0x00000000   Number         0  aeabi_idiv0.o ABSOLUTE
    ../../angel/scatter.s                    0x00000000   Number         0  __scatter.o ABSOLUTE
    ../../angel/startup.s                    0x00000000   Number         0  __main.o ABSOLUTE
    ../../angel/sys.s                        0x00000000   Number         0  libspace.o ABSOLUTE
    ../../angel/sys.s                        0x00000000   Number         0  use_no_semi.o ABSOLUTE
    ../../angel/sys.s                        0x00000000   Number         0  sys_stackheap_outer.o ABSOLUTE
    ../../angel/sys.s                        0x00000000   Number         0  sys_exit.o ABSOLUTE
    ../../angel/sysapp.c                     0x00000000   Number         0  sys_command.o ABSOLUTE
    ../../angel/sysapp.c                     0x00000000   Number         0  sys_wrch.o ABSOLUTE
    ../../armsys.c                           0x00000000   Number         0  lib_init.o ABSOLUTE
    ../../armsys.c                           0x00000000   Number         0  lib_init.o ABSOLUTE
    ../../armsys.c                           0x00000000   Number         0  no_argv.o ABSOLUTE
    ../../armsys.c                           0x00000000   Number         0  _get_argv.o ABSOLUTE
    ../../bigflt.c                           0x00000000   Number         0  bigflt0.o ABSOLUTE
    ../../btod.s                             0x00000000   Number         0  btod.o ABSOLUTE
    ../../classify.c                         0x00000000   Number         0  classify.o ABSOLUTE
    ../../daddsub.s                          0x00000000   Number         0  daddsub_noclz.o ABSOLUTE
    ../../dcheck.s                           0x00000000   Number         0  dcheck.o ABSOLUTE
    ../../dcheck1.s                          0x00000000   Number         0  dcheck1.o ABSOLUTE
    ../../ddiv.s                             0x00000000   Number         0  ddiv.o ABSOLUTE
    ../../dfix.s                             0x00000000   Number         0  dfix.o ABSOLUTE
    ../../dflt.s                             0x00000000   Number         0  dflt_noclz.o ABSOLUTE
    ../../division.s                         0x00000000   Number         0  aeabi_sdiv.o ABSOLUTE
    ../../division.s                         0x00000000   Number         0  aeabi_sdiv_div0.o ABSOLUTE
    ../../division.s                         0x00000000   Number         0  rtudiv10.o ABSOLUTE
    ../../divrt.s                            0x00000000   Number         0  divrt_7tdmi_div0.o ABSOLUTE
    ../../divrt.s                            0x00000000   Number         0  divrt_7tdmi.o ABSOLUTE
    ../../dtoi.c                             0x00000000   Number         0  dtoi.o ABSOLUTE
    ../../dunder.s                           0x00000000   Number         0  dunder.o ABSOLUTE
    ../../fpclassify.c                       0x00000000   Number         0  fpclassify.o ABSOLUTE
    ../../fpinit.s                           0x00000000   Number         0  fpinit.o ABSOLUTE
    ../../heapalloc.c                        0x00000000   Number         0  hrguard.o ABSOLUTE
    ../../istatus.s                          0x00000000   Number         0  istatus.o ABSOLUTE
    ../../locale.c                           0x00000000   Number         0  _wcrtomb.o ABSOLUTE
    ../../locale.s                           0x00000000   Number         0  lc_ctype_c.o ABSOLUTE
    ../../locale.s                           0x00000000   Number         0  lc_numeric_c.o ABSOLUTE
    ../../longlong.s                         0x00000000   Number         0  lludiv10.o ABSOLUTE
    ../../memcpset.s                         0x00000000   Number         0  strcmp.o ABSOLUTE
    ../../printf.c                           0x00000000   Number         0  _printf_longlong_dec.o ABSOLUTE
    ../../printf.c                           0x00000000   Number         0  _printf_charcount.o ABSOLUTE
    ../../printf.c                           0x00000000   Number         0  _printf_char_common.o ABSOLUTE
    ../../printf.c                           0x00000000   Number         0  _sputc.o ABSOLUTE
    ../../printf.c                           0x00000000   Number         0  _printf_input_char.o ABSOLUTE
    ../../printf.c                           0x00000000   Number         0  _printf_outstr_char.o ABSOLUTE
    ../../printf.c                           0x00000000   Number         0  _printf_fp_dec.o ABSOLUTE
    ../../printf.c                           0x00000000   Number         0  __printf.o ABSOLUTE
    ../../printf.c                           0x00000000   Number         0  _printf_pad.o ABSOLUTE
    ../../printf.c                           0x00000000   Number         0  _printf_truncate.o ABSOLUTE
    ../../printf.c                           0x00000000   Number         0  c89vsprintf.o ABSOLUTE
    ../../printf.c                           0x00000000   Number         0  _printf_str.o ABSOLUTE
    ../../printf.c                           0x00000000   Number         0  _printf_wctomb.o ABSOLUTE
    ../../printf.c                           0x00000000   Number         0  _printf_longlong_hex.o ABSOLUTE
    ../../printf.c                           0x00000000   Number         0  _printf_intcommon.o ABSOLUTE
    ../../printf.c                           0x00000000   Number         0  _printf_longlong_oct.o ABSOLUTE
    ../../printf.c                           0x00000000   Number         0  _printf_dec.o ABSOLUTE
    ../../printf1.s                          0x00000000   Number         0  printf1.o ABSOLUTE
    ../../retnan.s                           0x00000000   Number         0  retnan.o ABSOLUTE
    ../../scalbn.s                           0x00000000   Number         0  scalbn_noclz.o ABSOLUTE
    ../../scanf.c                            0x00000000   Number         0  atoi.o ABSOLUTE
    ../../scanf.c                            0x00000000   Number         0  _strtoul.o ABSOLUTE
    ../../scanf.c                            0x00000000   Number         0  _chval.o ABSOLUTE
    ../../scanf.c                            0x00000000   Number         0  strtol.o ABSOLUTE
    ../../signal.c                           0x00000000   Number         0  defsig_rtmem_formal.o ABSOLUTE
    ../../signal.c                           0x00000000   Number         0  defsig_abrt_inner.o ABSOLUTE
    ../../signal.c                           0x00000000   Number         0  defsig_other.o ABSOLUTE
    ../../signal.c                           0x00000000   Number         0  defsig_segv_inner.o ABSOLUTE
    ../../signal.c                           0x00000000   Number         0  defsig_pvfn_inner.o ABSOLUTE
    ../../signal.c                           0x00000000   Number         0  defsig_rtred_inner.o ABSOLUTE
    ../../signal.c                           0x00000000   Number         0  defsig_stak_inner.o ABSOLUTE
    ../../signal.c                           0x00000000   Number         0  defsig_rtmem_inner.o ABSOLUTE
    ../../signal.c                           0x00000000   Number         0  defsig_general.o ABSOLUTE
    ../../signal.c                           0x00000000   Number         0  defsig_cppl_inner.o ABSOLUTE
    ../../signal.c                           0x00000000   Number         0  defsig_rtmem_outer.o ABSOLUTE
    ../../signal.c                           0x00000000   Number         0  __raise.o ABSOLUTE
    ../../signal.c                           0x00000000   Number         0  defsig_fpe_formal.o ABSOLUTE
    ../../signal.c                           0x00000000   Number         0  defsig_fpe_outer.o ABSOLUTE
    ../../signal.c                           0x00000000   Number         0  defsig_exit.o ABSOLUTE
    ../../signal.c                           0x00000000   Number         0  defsig_fpe_inner.o ABSOLUTE
    ../../signal.s                           0x00000000   Number         0  defsig.o ABSOLUTE
    ../../stdlib.c                           0x00000000   Number         0  exit.o ABSOLUTE
    ../../stkheap.s                          0x00000000   Number         0  heapext.o ABSOLUTE
    ../../stkheap1.s                         0x00000000   Number         0  stkheap1.o ABSOLUTE
    ../../stkheap2.s                         0x00000000   Number         0  stkheap2.o ABSOLUTE
    ../../string.c                           0x00000000   Number         0  strlen.o ABSOLUTE
    ../../trapv.s                            0x00000000   Number         0  trapv.o ABSOLUTE
    ../../unhosted.s                         0x00000000   Number         0  callvia.o ABSOLUTE
    ../../usenofp.s                          0x00000000   Number         0  usenofp.o ABSOLUTE
    ..\common\src\2410lib.c                  0x00000000   Number         0  2410lib.o ABSOLUTE
    ..\common\src\sys_init.c                 0x00000000   Number         0  sys_init.o ABSOLUTE
    S3C2410A.s                               0x00000000   Number         0  s3c2410a.o ABSOLUTE
    Source\main.c                            0x00000000   Number         0  main.o ABSOLUTE
    Source\uart_test.c                       0x00000000   Number         0  uart_test.o ABSOLUTE
    dc.s                                     0x00000000   Number         0  dc.o ABSOLUTE
    RESET                                    0x30000000   Section      496  s3c2410a.o(RESET)
    Undef_Handler                            0x30000064   ARM Code       4  s3c2410a.o(RESET)
    SWI_Handler                              0x30000068   ARM Code       4  s3c2410a.o(RESET)
    PAbt_Handler                             0x3000006c   ARM Code       4  s3c2410a.o(RESET)
    DAbt_Handler                             0x30000070   ARM Code       4  s3c2410a.o(RESET)
    IRQ_Handler                              0x30000074   ARM Code       4  s3c2410a.o(RESET)
    FIQ_Handler                              0x30000078   ARM Code       4  s3c2410a.o(RESET)
    !!!main                                  0x300001f0   Section        8  __main.o(!!!main)
    !!!scatter                               0x300001f8   Section       60  __scatter.o(!!!scatter)
    !!handler_copy                           0x30000234   Section       40  __scatter_copy.o(!!handler_copy)
    !!handler_zi                             0x3000025c   Section       44  __scatter_zi.o(!!handler_zi)
    .emb_text                                0x3000028c   Section       16  lib_init.o(.emb_text)
    .text                                    0x3000029c   Section       36  s3c2410a.o(.text)
    .text                                    0x300002c0   Section       20  main.o(.text)
    .text                                    0x300002d4   Section      288  uart_test.o(.text)
    .text                                    0x300003f4   Section     2892  2410lib.o(.text)
    .text                                    0x30000f40   Section     1016  sys_init.o(.text)
    .text                                    0x3000133c   Section       24  rt_ctype_table.o(.text)
    .text                                    0x3000135c   Section       30  atoi.o(.text)
    .text                                    0x30001384   Section       44  c89vsprintf.o(.text)
    .text                                    0x300013b8   Section       72  strlen.o(.text)
    .text                                    0x30001404   Section      384  aeabi_sdiv.o(.text)
    __arm_div8                               0x30001430   ARM Code       0  aeabi_sdiv.o(.text)
    __arm_div4                               0x30001460   ARM Code       0  aeabi_sdiv.o(.text)
    __arm_div_large                          0x300014b4   ARM Code       0  aeabi_sdiv.o(.text)
    .text                                    0x30001584   Section       64  stkheap2.o(.text)
    .text                                    0x300015c4   Section      104  kernel.o(.text)
    .text                                    0x3000162c   Section       96  sys_stackheap_outer.o(.text)
    .text                                    0x30001690   Section       16  rt_errno_addr_intlibspace.o(.text)
    .text                                    0x300016a0   Section       16  rt_stackheap_storage_intlibspace.o(.text)
    .text                                    0x300016b4   Section       16  rt_locale_intlibspace.o(.text)
    .text                                    0x300016c4   Section       84  _printf_pad.o(.text)
    .text                                    0x30001718   Section       44  _printf_truncate.o(.text)
    .text                                    0x30001744   Section       94  _printf_str.o(.text)
    .text                                    0x300017a4   Section      192  _printf_wctomb.o(.text)
    .text                                    0x30001864   Section      204  _printf_longlong_hex.o(.text)
    .text                                    0x30001930   Section      148  _printf_longlong_oct.o(.text)
    .text                                    0x300019c4   Section      116  _printf_dec.o(.text)
    .text                                    0x30001a38   Section      140  _printf_longlong_dec.o(.text)
    .text                                    0x30001ac4   Section       36  _printf_charcount.o(.text)
    .text                                    0x30001ae8   Section       52  _printf_char_common.o(.text)
    .text                                    0x30001b1c   Section       10  _sputc.o(.text)
    .text                                    0x30001b28   Section      116  strtol.o(.text)
    .text                                    0x30001b9c   Section       24  sys_exit.o(.text)
    .text                                    0x30001bb4   Section       12  libspace.o(.text)
    .text                                    0x30001bc4   Section      160  lludiv10.o(.text)
    .text                                    0x30001c64   Section      760  __printf.o(.text)
    .text                                    0x30001f5c   Section      168  _printf_intcommon.o(.text)
    .text                                    0x30002004   Section     1184  _printf_fp_dec.o(.text)
    _fp_digits                               0x30002007   Thumb Code   486  _printf_fp_dec.o(.text)
    .text                                    0x300024a4   Section       32  _printf_outstr_char.o(.text)
    .text                                    0x300024c4   Section       10  _printf_input_char.o(.text)
    .text                                    0x300024ce   Section      166  _strtoul.o(.text)
    .text                                    0x30002574   Section       74  _wcrtomb.o(.text)
    .text                                    0x300025be   Section       12  exit.o(.text)
    .text                                    0x300025cc   Section      160  strcmp.o(.text)
    .text                                    0x30002670   Section       44  rtudiv10.o(.text)
    .text                                    0x300026a4   Section      206  lib_init.o(.text)
    .text                                    0x30002774   Section       12  boardinit2.o(.text)
    .text                                    0x30002780   Section       16  boardinit3.o(.text)
    .text                                    0x30002790   Section       16  callvia.o(.text)
    .text                                    0x300027a0   Section        4  use_no_semi.o(.text)
    .text                                    0x300027a4   Section      200  bigflt0.o(.text)
    .text                                    0x3000286c   Section       34  _chval.o(.text)
    .text                                    0x3000288e   Section        6  no_argv.o(.text)
    .text                                    0x30002894   Section       16  rt_fp_status_addr_intlibspace.o(.text)
    CL$$btod_d2e                             0x300028a8   Section       56  btod.o(CL$$btod_d2e)
    CL$$btod_d2e_denorm_low                  0x300028e0   Section       84  btod.o(CL$$btod_d2e_denorm_low)
    CL$$btod_d2e_norm_op1                    0x30002934   Section      104  btod.o(CL$$btod_d2e_norm_op1)
    CL$$btod_div_common                      0x3000299c   Section      844  btod.o(CL$$btod_div_common)
    CL$$btod_e2e                             0x30002ce8   Section      220  btod.o(CL$$btod_e2e)
    CL$$btod_ediv                            0x30002dc8   Section       52  btod.o(CL$$btod_ediv)
    CL$$btod_emul                            0x30002e00   Section       52  btod.o(CL$$btod_emul)
    CL$$btod_mult_common                     0x30002e34   Section      616  btod.o(CL$$btod_mult_common)
    i.__ARM_fpclassify                       0x300030bc   Section       48  fpclassify.o(i.__ARM_fpclassify)
    i.__mathlib_classify                     0x300030f0   Section       56  classify.o(i.__mathlib_classify)
    i.__support_dtoi                         0x3000312c   Section       96  dtoi.o(i.__support_dtoi)
    locale$$code                             0x30003190   Section       80  lc_ctype_c.o(locale$$code)
    locale$$code                             0x300031e4   Section       80  lc_numeric_c.o(locale$$code)
    x$fpl$dadd                               0x30003234   Section      468  daddsub_noclz.o(x$fpl$dadd)
    _dadd1                                   0x30003244   ARM Code       0  daddsub_noclz.o(x$fpl$dadd)
    x$fpl$dcheck                             0x30003408   Section       16  dcheck.o(x$fpl$dcheck)
    x$fpl$dcheck1                            0x30003418   Section       16  dcheck1.o(x$fpl$dcheck1)
    x$fpl$ddiv                               0x30003428   Section     1216  ddiv.o(x$fpl$ddiv)
    ddiv_entry                               0x3000342c   ARM Code       0  ddiv.o(x$fpl$ddiv)
    x$fpl$dfix                               0x300038e8   Section      176  dfix.o(x$fpl$dfix)
    x$fpl$dflt                               0x30003998   Section       88  dflt_noclz.o(x$fpl$dflt)
    x$fpl$dsub                               0x300039f0   Section      584  daddsub_noclz.o(x$fpl$dsub)
    _dsub1                                   0x30003a00   ARM Code       0  daddsub_noclz.o(x$fpl$dsub)
    x$fpl$dunder                             0x30003c38   Section      276  dunder.o(x$fpl$dunder)
    x$fpl$fpinit                             0x30003d50   Section       24  fpinit.o(x$fpl$fpinit)
    x$fpl$ieeestatus                         0x30003d6c   Section        8  istatus.o(x$fpl$ieeestatus)
    x$fpl$printf1                            0x30003d78   Section        4  printf1.o(x$fpl$printf1)
    x$fpl$retnan                             0x30003d7c   Section      116  retnan.o(x$fpl$retnan)
    x$fpl$scalbn                             0x30003df0   Section      108  scalbn_noclz.o(x$fpl$scalbn)
    x$fpl$trapveneer                         0x30003e5c   Section       60  trapv.o(x$fpl$trapveneer)
    .constdata                               0x30003e98   Section       72  sys_init.o(.constdata)
    x$fpl$usenofp                            0x30003e98   Number         0  usenofp.o(x$fpl$usenofp)
    .constdata                               0x30003ee0   Section        8  _printf_wctomb.o(.constdata)
    initial_mbstate@_printf_wctomb_0         0x30003ee0   Data           8  _printf_wctomb.o(.constdata)
    .constdata                               0x30003ee8   Section       34  _printf_longlong_hex.o(.constdata)
    lc_hextab@_printf_longlong_hex_0         0x30003ee8   Data          17  _printf_longlong_hex.o(.constdata)
    uc_hextab@_printf_longlong_hex_1         0x30003ef9   Data          17  _printf_longlong_hex.o(.constdata)
    .constdata                               0x30003f0a   Section       17  __printf.o(.constdata)
    maptable@__printf_0                      0x30003f0a   Data          17  __printf.o(.constdata)
    .constdata                               0x30003f1c   Section      148  bigflt0.o(.constdata)
    tenpwrs_x@_btod_etento_0                 0x30003f1c   Data          60  bigflt0.o(.constdata)
    tenpwrs_i@_btod_etento_1                 0x30003f58   Data          64  bigflt0.o(.constdata)
    locale$$data                             0x30003fd0   Section      272  lc_ctype_c.o(locale$$data)
    __lcctype_c_name                         0x30003fd4   Data           2  lc_ctype_c.o(locale$$data)
    __lcctype_c_start                        0x30003fdc   Data           0  lc_ctype_c.o(locale$$data)
    locale$$data                             0x300040e0   Section       28  lc_numeric_c.o(locale$$data)
    __lcctype_c_end                          0x300040e0   Data           0  lc_ctype_c.o(locale$$data)
    __lcnum_c_name                           0x300040e4   Data           2  lc_numeric_c.o(locale$$data)
    __lcnum_c_start                          0x300040ec   Data           0  lc_numeric_c.o(locale$$data)
    __lcnum_c_point                          0x300040f8   Data           0  lc_numeric_c.o(locale$$data)
    __lcnum_c_thousands                      0x300040fa   Data           0  lc_numeric_c.o(locale$$data)
    __lcnum_c_grouping                       0x300040fb   Data           0  lc_numeric_c.o(locale$$data)
    __lcnum_c_end                            0x300040fc   Number         0  lc_numeric_c.o(locale$$data)
    .data                                    0x30010000   Section        9  2410lib.o(.data)
    delayLoopCount                           0x30010000   Data           4  2410lib.o(.data)
    .data                                    0x3001000c   Section        4  sys_init.o(.data)
    .bss                                     0x30010010   Section       96  libspace.o(.bss)
    HEAP                                     0x30010070   Section    18432  s3c2410a.o(HEAP)
    Heap_Mem                                 0x30010070   Data       18432  s3c2410a.o(HEAP)
    STACK                                    0x30014870   Section    40960  s3c2410a.o(STACK)
    Stack_Mem                                0x30014870   Data       40960  s3c2410a.o(STACK)
    Stack_Top                                0x3001e870   Number         0  s3c2410a.o(STACK)

    Global Symbols

    Symbol Name                              Value     Ov Type        Size  Object(Section)

    BuildAttributes$$THM_ISAv1$ARM_ISAv4$M$S$PE$A:L22$X:L11$S22$IEEE1$IW$USESV6$~STKCKD$USESV7$~SHL$OSPACE$EBA8$STANDARDLIB$REQ8$PRES8$EABIv2 0x00000000   Number         0  anon$$obj.o ABSOLUTE
    __ARM_use_no_argv                        0x00000000   Number         0  main.o ABSOLUTE
    __ARM_exceptions_init                     - Undefined Weak Reference
    __Heap_DescSize                           - Undefined Weak Reference
    __alloca_initialize                       - Undefined Weak Reference
    __cpp_initialize__aeabi_                  - Undefined Weak Reference
    __cxa_finalize                            - Undefined Weak Reference
    __fpl_infinity                            - Undefined Weak Reference
    __sigvec_lookup                           - Undefined Weak Reference
    __user_heap_extend                        - Undefined Weak Reference
    _atexit_init                              - Undefined Weak Reference
    _call_atexit_fns                          - Undefined Weak Reference
    _clock_init                               - Undefined Weak Reference
    _fp_trap_init                             - Undefined Weak Reference
    _get_lc_collate                           - Undefined Weak Reference
    _get_lc_monetary                          - Undefined Weak Reference
    _get_lc_time                              - Undefined Weak Reference
    _getenv_init                              - Undefined Weak Reference
    _handle_redirection                       - Undefined Weak Reference
    _init_alloc                               - Undefined Weak Reference
    _init_user_alloc                          - Undefined Weak Reference
    _initio                                   - Undefined Weak Reference
    _printf_fp_hex                            - Undefined Weak Reference
    _printf_mbtowc                            - Undefined Weak Reference
    _printf_wc                                - Undefined Weak Reference
    _rand_init                                - Undefined Weak Reference
    _signal_init                              - Undefined Weak Reference
    _terminate_user_alloc                     - Undefined Weak Reference
    _terminateio                              - Undefined Weak Reference
    Reset_Handler                            0x30000104   ARM Code       0  s3c2410a.o(RESET)
    __main                                   0x300001f0   ARM Code       8  __main.o(!!!main)
    __scatterload                            0x300001f8   ARM Code       0  __scatter.o(!!!scatter)
    __scatterload_rt2                        0x300001f8   ARM Code      52  __scatter.o(!!!scatter)
    __scatterload_null                       0x3000020c   ARM Code       0  __scatter.o(!!!scatter)
    __scatterload_copy                       0x30000234   ARM Code      40  __scatter_copy.o(!!handler_copy)
    __scatterload_zeroinit                   0x3000025c   ARM Code      44  __scatter_zi.o(!!handler_zi)
    Inline Thumb to ARM Veneer to __ARM_argv_veneer 0x30000289   Thumb Code     4  lib_init.o(.emb_text)
    __ARM_argv_veneer                        0x3000028c   ARM Code      16  lib_init.o(.emb_text)
    __user_initial_stackheap                 0x3000029c   ARM Code       0  s3c2410a.o(.text)
    main                                     0x300002c0   ARM Code      20  main.o(.text)
    uart1_test                               0x300002d4   ARM Code     160  uart_test.o(.text)
    port_init                                0x300003f4   ARM Code     160  2410lib.o(.text)
    uart_change_baud                         0x30000494   ARM Code     252  2410lib.o(.text)
    delay                                    0x30000590   ARM Code     180  2410lib.o(.text)
    uart_init                                0x30000644   ARM Code     624  2410lib.o(.text)
    uart_select                              0x300008b4   ARM Code      12  2410lib.o(.text)
    uart_txempty                             0x300008c0   ARM Code      96  2410lib.o(.text)
    uart_getch                               0x30000920   ARM Code     152  2410lib.o(.text)
    uart_getkey                              0x300009b8   ARM Code     164  2410lib.o(.text)
    uart_sendbyte                            0x30000a5c   ARM Code     324  2410lib.o(.text)
    uart_sendstring                          0x30000ba0   ARM Code      40  2410lib.o(.text)
    uart_printf                              0x30000bc8   ARM Code      56  2410lib.o(.text)
    uart_getstring                           0x30000c00   ARM Code     100  2410lib.o(.text)
    uart_getintnum                           0x30000c64   ARM Code     364  2410lib.o(.text)
    timer_start                              0x30000dd0   ARM Code      68  2410lib.o(.text)
    timer_stop                               0x30000e14   ARM Code      32  2410lib.o(.text)
    change_value_MPLL                        0x30000e34   ARM Code      24  2410lib.o(.text)
    change_clock_divider                     0x30000e4c   ARM Code      16  2410lib.o(.text)
    ChangeUPllValue                          0x30000e5c   ARM Code      24  2410lib.o(.text)
    EnableMMU                                0x30000e74   ARM Code      36  2410lib.o(.text)
    InitMMU                                  0x30000e98   ARM Code     156  2410lib.o(.text)
    __gccmain                                0x30000f34   ARM Code       4  2410lib.o(.text)
    break_point                              0x30000f40   ARM Code      20  sys_init.o(.text)
    debug_undef                              0x30000f54   ARM Code      48  sys_init.o(.text)
    debug_swi                                0x30000f84   ARM Code      48  sys_init.o(.text)
    debug_abort_d                            0x30000fb4   ARM Code      48  sys_init.o(.text)
    debug_abort_p                            0x30000fe4   ARM Code      48  sys_init.o(.text)
    debug_fiq                                0x30001014   ARM Code      48  sys_init.o(.text)
    interrupts_init                          0x30001044   ARM Code     464  sys_init.o(.text)
    print_infor                              0x30001214   ARM Code      44  sys_init.o(.text)
    sys_init                                 0x30001240   ARM Code     124  sys_init.o(.text)
    beep_init                                0x300012bc   ARM Code      56  sys_init.o(.text)
    Inline Thumb to ARM Veneer to __rt_ctype_table 0x30001339   Thumb Code     4  rt_ctype_table.o(.text)
    __rt_ctype_table                         0x3000133c   ARM Code      24  rt_ctype_table.o(.text)
    Inline ARM to Thumb Veneer to atoi       0x30001354   ARM Code       8  atoi.o(.text)
    atoi                                     0x3000135d   Thumb Code    30  atoi.o(.text)
    Inline ARM to Thumb Veneer to __c89vsprintf 0x3000137c   ARM Code       8  c89vsprintf.o(.text)
    __c89vsprintf                            0x30001385   Thumb Code    38  c89vsprintf.o(.text)
    Inline ARM to Thumb Veneer to strlen     0x300013b0   ARM Code       8  strlen.o(.text)
    strlen                                   0x300013b9   Thumb Code    68  strlen.o(.text)
    Inline Thumb to ARM Veneer to __aeabi_idivmod 0x30001401   Thumb Code     4  aeabi_sdiv.o(.text)
    __aeabi_idiv                             0x30001404   ARM Code       0  aeabi_sdiv.o(.text)
    __aeabi_idivmod                          0x30001404   ARM Code     384  aeabi_sdiv.o(.text)
    __use_two_region_memory                  0x30001584   ARM Code       4  stkheap2.o(.text)
    __rt_stackheap_init                      0x30001588   ARM Code      36  stkheap2.o(.text)
    __rt_heap_extend                         0x300015ac   ARM Code      24  stkheap2.o(.text)
    __rt_entry                               0x300015c4   ARM Code      76  kernel.o(.text)
    __rt_exit                                0x30001610   ARM Code      20  kernel.o(.text)
    __rt_abort                               0x30001624   ARM Code       8  kernel.o(.text)
    __user_setup_stackheap                   0x3000162c   ARM Code      96  sys_stackheap_outer.o(.text)
    Inline Thumb to ARM Veneer to __aeabi_errno_addr 0x3000168d   Thumb Code     4  rt_errno_addr_intlibspace.o(.text)
    __aeabi_errno_addr                       0x30001690   ARM Code      12  rt_errno_addr_intlibspace.o(.text)
    __rt_errno_addr_intlibspace              0x30001690   ARM Code       0  rt_errno_addr_intlibspace.o(.text)
    __rt_stackheap_storage                   0x300016a0   ARM Code      12  rt_stackheap_storage_intlibspace.o(.text)
    Inline Thumb to ARM Veneer to __rt_locale 0x300016b1   Thumb Code     4  rt_locale_intlibspace.o(.text)
    __rt_locale                              0x300016b4   ARM Code      12  rt_locale_intlibspace.o(.text)
    _printf_pre_padding                      0x300016c5   Thumb Code    48  _printf_pad.o(.text)
    _printf_post_padding                     0x300016f5   Thumb Code    36  _printf_pad.o(.text)
    _printf_truncate_signed                  0x30001719   Thumb Code    22  _printf_truncate.o(.text)
    _printf_truncate_unsigned                0x3000172f   Thumb Code    22  _printf_truncate.o(.text)
    _printf_str                              0x30001745   Thumb Code    94  _printf_str.o(.text)
    _printf_wctomb                           0x300017a5   Thumb Code   188  _printf_wctomb.o(.text)
    _printf_longlong_hex                     0x30001865   Thumb Code   182  _printf_longlong_hex.o(.text)
    _printf_longlong_oct                     0x30001931   Thumb Code   138  _printf_longlong_oct.o(.text)
    _printf_int_dec                          0x300019c5   Thumb Code    98  _printf_dec.o(.text)
    _printf_longlong_dec                     0x30001a39   Thumb Code   124  _printf_longlong_dec.o(.text)
    _printf_charcount                        0x30001ac5   Thumb Code    36  _printf_charcount.o(.text)
    _printf_char_common                      0x30001ae9   Thumb Code    44  _printf_char_common.o(.text)
    _sputc                                   0x30001b1d   Thumb Code    10  _sputc.o(.text)
    strtol                                   0x30001b29   Thumb Code   112  strtol.o(.text)
    _sys_exit                                0x30001b9c   ARM Code      20  sys_exit.o(.text)
    __user_libspace                          0x30001bb4   ARM Code       8  libspace.o(.text)
    __user_perproc_libspace                  0x30001bb4   ARM Code       0  libspace.o(.text)
    __user_perthread_libspace                0x30001bb4   ARM Code       0  libspace.o(.text)
    Inline Thumb to ARM Veneer to _ll_udiv10 0x30001bc1   Thumb Code     4  lludiv10.o(.text)
    _ll_udiv10                               0x30001bc4   ARM Code     160  lludiv10.o(.text)
    __printf                                 0x30001c65   Thumb Code   748  __printf.o(.text)
    _printf_return_value                     0x30001f51   Thumb Code     2  __printf.o(.text)
    _printf_percent                          0x30001f53   Thumb Code     2  __printf.o(.text)
    _printf_sizespec                         0x30001f55   Thumb Code     2  __printf.o(.text)
    _printf_int_common                       0x30001f5d   Thumb Code   168  _printf_intcommon.o(.text)
    __lib_sel_fp_printf                      0x30002005   Thumb Code     2  _printf_fp_dec.o(.text)
    _printf_fp_dec_real                      0x300021ed   Thumb Code   696  _printf_fp_dec.o(.text)
    _printf_outstr_char                      0x300024a5   Thumb Code    32  _printf_outstr_char.o(.text)
    _printf_input_char                       0x300024c5   Thumb Code    10  _printf_input_char.o(.text)
    _strtoul                                 0x300024cf   Thumb Code   166  _strtoul.o(.text)
    _wcrtomb                                 0x30002575   Thumb Code    74  _wcrtomb.o(.text)
    exit                                     0x300025bf   Thumb Code    12  exit.o(.text)
    strcmp                                   0x300025cc   ARM Code     156  strcmp.o(.text)
    Inline Thumb to ARM Veneer to __rt_udiv10 0x3000266d   Thumb Code     4  rtudiv10.o(.text)
    __rt_udiv10                              0x30002670   ARM Code      44  rtudiv10.o(.text)
    Inline ARM to Thumb Veneer to __rt_lib_init 0x3000269c   ARM Code       8  lib_init.o(.text)
    __rt_lib_init                            0x300026a5   Thumb Code   184  lib_init.o(.text)
    __rt_lib_shutdown                        0x3000275d   Thumb Code    22  lib_init.o(.text)
    _platform_post_stackheap_init            0x30002774   ARM Code      12  boardinit2.o(.text)
    _platform_post_lib_init                  0x30002780   ARM Code      16  boardinit3.o(.text)
    __ARM_call_via_r0                        0x30002791   Thumb Code     2  callvia.o(.text)
    __call_via_r0                            0x30002791   Thumb Code     0  callvia.o(.text)
    __ARM_call_via_r1                        0x30002793   Thumb Code     2  callvia.o(.text)
    __call_via_r1                            0x30002793   Thumb Code     0  callvia.o(.text)
    __ARM_call_via_r2                        0x30002795   Thumb Code     2  callvia.o(.text)
    __call_via_r2                            0x30002795   Thumb Code     0  callvia.o(.text)
    __ARM_call_via_r3                        0x30002797   Thumb Code     2  callvia.o(.text)
    __call_via_r3                            0x30002797   Thumb Code     0  callvia.o(.text)
    __ARM_call_via_r4                        0x30002799   Thumb Code     2  callvia.o(.text)
    __call_via_r4                            0x30002799   Thumb Code     0  callvia.o(.text)
    __ARM_call_via_r5                        0x3000279b   Thumb Code     2  callvia.o(.text)
    __call_via_r5                            0x3000279b   Thumb Code     0  callvia.o(.text)
    __ARM_call_via_r6                        0x3000279d   Thumb Code     2  callvia.o(.text)
    __call_via_r6                            0x3000279d   Thumb Code     0  callvia.o(.text)
    __ARM_call_via_r7                        0x3000279f   Thumb Code     2  callvia.o(.text)
    __call_via_r7                            0x3000279f   Thumb Code     0  callvia.o(.text)
    __I_use_semihosting                      0x300027a0   ARM Code       0  use_no_semi.o(.text)
    __use_no_semihosting_swi                 0x300027a0   ARM Code       4  use_no_semi.o(.text)
    _btod_etento                             0x300027a5   Thumb Code   196  bigflt0.o(.text)
    _chval                                   0x3000286d   Thumb Code    34  _chval.o(.text)
    __ARM_get_argv                           0x3000288f   Thumb Code     6  no_argv.o(.text)
    __rt_fp_status_addr                      0x30002894   ARM Code      12  rt_fp_status_addr_intlibspace.o(.text)
    Inline Thumb to ARM Veneer to _btod_d2e  0x300028a5   Thumb Code     4  btod.o(CL$$btod_d2e)
    _btod_d2e                                0x300028a8   ARM Code      56  btod.o(CL$$btod_d2e)
    _d2e_denorm_low                          0x300028e0   ARM Code      84  btod.o(CL$$btod_d2e_denorm_low)
    _d2e_norm_op1                            0x30002934   ARM Code     104  btod.o(CL$$btod_d2e_norm_op1)
    __btod_div_common                        0x3000299c   ARM Code     716  btod.o(CL$$btod_div_common)
    _e2e                                     0x30002ce8   ARM Code     220  btod.o(CL$$btod_e2e)
    Inline Thumb to ARM Veneer to _btod_ediv 0x30002dc5   Thumb Code     4  btod.o(CL$$btod_ediv)
    _btod_ediv                               0x30002dc8   ARM Code      52  btod.o(CL$$btod_ediv)
    Inline Thumb to ARM Veneer to _btod_emul 0x30002dfd   Thumb Code     4  btod.o(CL$$btod_emul)
    _btod_emul                               0x30002e00   ARM Code      52  btod.o(CL$$btod_emul)
    __btod_mult_common                       0x30002e34   ARM Code     616  btod.o(CL$$btod_mult_common)
    Long ARM to Thumb Veneer to __rt_lib_shutdown 0x3000309c   ARM Code      12  anon$$obj.o(Veneer$$Code)
    Short Thumb to ARM Veneer to __rt_exit   0x300030a9   Thumb Code     8  anon$$obj.o(Veneer$$Code)
    Long ARM to Thumb Veneer to _printf_fp_dec_real 0x300030b0   ARM Code      12  anon$$obj.o(Veneer$$Code)
    __ARM_fpclassify                         0x300030bc   ARM Code      44  fpclassify.o(i.__ARM_fpclassify)
    Inline Thumb to ARM Veneer to __mathlib_classify 0x300030ed   Thumb Code     4  classify.o(i.__mathlib_classify)
    __mathlib_classify                       0x300030f0   ARM Code      56  classify.o(i.__mathlib_classify)
    Inline Thumb to ARM Veneer to __support_dtoi 0x30003129   Thumb Code     4  dtoi.o(i.__support_dtoi)
    __support_dtoi                           0x3000312c   ARM Code      96  dtoi.o(i.__support_dtoi)
    Inline Thumb to ARM Veneer to _get_lc_ctype 0x3000318d   Thumb Code     4  lc_ctype_c.o(locale$$code)
    _get_lc_ctype                            0x30003190   ARM Code      80  lc_ctype_c.o(locale$$code)
    Inline Thumb to ARM Veneer to _get_lc_numeric 0x300031e1   Thumb Code     4  lc_numeric_c.o(locale$$code)
    _get_lc_numeric                          0x300031e4   ARM Code      80  lc_numeric_c.o(locale$$code)
    __aeabi_dadd                             0x30003234   ARM Code       0  daddsub_noclz.o(x$fpl$dadd)
    _dadd                                    0x30003234   ARM Code     452  daddsub_noclz.o(x$fpl$dadd)
    __fpl_inf_dadd                           0x300033b0   ARM Code       0  daddsub_noclz.o(x$fpl$dadd)
    __fpl_dcheck_NaN2                        0x30003408   ARM Code      12  dcheck.o(x$fpl$dcheck)
    __fpl_dcheck_NaN1                        0x30003418   ARM Code      12  dcheck1.o(x$fpl$dcheck1)
    __aeabi_ddiv                             0x30003428   ARM Code       0  ddiv.o(x$fpl$ddiv)
    _ddiv                                    0x30003428   ARM Code     464  ddiv.o(x$fpl$ddiv)
    __fpl_inf_ddiv                           0x300035b4   ARM Code       0  ddiv.o(x$fpl$ddiv)
    _ddiv_mantissas                          0x300035f8   ARM Code     608  ddiv.o(x$fpl$ddiv)
    __aeabi_d2iz                             0x300038e8   ARM Code       0  dfix.o(x$fpl$dfix)
    _dfix                                    0x300038e8   ARM Code     172  dfix.o(x$fpl$dfix)
    __fpl_inf_dfix                           0x30003988   ARM Code       0  dfix.o(x$fpl$dfix)
    __aeabi_i2d                              0x30003998   ARM Code       0  dflt_noclz.o(x$fpl$dflt)
    _dflt                                    0x30003998   ARM Code      88  dflt_noclz.o(x$fpl$dflt)
    __dflt_normalise                         0x300039a8   ARM Code       0  dflt_noclz.o(x$fpl$dflt)
    __aeabi_dsub                             0x300039f0   ARM Code       0  daddsub_noclz.o(x$fpl$dsub)
    _dsub                                    0x300039f0   ARM Code     572  daddsub_noclz.o(x$fpl$dsub)
    __fpl_inf_dsub                           0x30003be4   ARM Code       0  daddsub_noclz.o(x$fpl$dsub)
    __dunder                                 0x30003c38   ARM Code     272  dunder.o(x$fpl$dunder)
    __dunder_d                               0x30003d48   ARM Code       4  dunder.o(x$fpl$dunder)
    Inline Thumb to ARM Veneer to _fp_init   0x30003d4d   Thumb Code     4  fpinit.o(x$fpl$fpinit)
    _fp_init                                 0x30003d50   ARM Code      24  fpinit.o(x$fpl$fpinit)
    __fplib_config_pureend_doubles           0x30003d60   ARM Code       0  fpinit.o(x$fpl$fpinit)
    Inline Thumb to ARM Veneer to __ieee_status 0x30003d69   Thumb Code     4  istatus.o(x$fpl$ieeestatus)
    __ieee_status                            0x30003d6c   ARM Code       8  istatus.o(x$fpl$ieeestatus)
    Inline Thumb to ARM Veneer to _printf_fp_dec 0x30003d75   Thumb Code     4  printf1.o(x$fpl$printf1)
    _printf_fp_dec                           0x30003d78   ARM Code       4  printf1.o(x$fpl$printf1)
    __fpl_return_NaN                         0x30003d7c   ARM Code     116  retnan.o(x$fpl$retnan)
    __ARM_scalbn                             0x30003df0   ARM Code       0  scalbn_noclz.o(x$fpl$scalbn)
    scalbn                                   0x30003df0   ARM Code     108  scalbn_noclz.o(x$fpl$scalbn)
    __fpl_inf_scalbn                         0x30003e58   ARM Code       0  scalbn_noclz.o(x$fpl$scalbn)
    __fpl_cmpreturn                          0x30003e5c   ARM Code      60  trapv.o(x$fpl$trapveneer)
    __I_use_fp                               0x30003e98   Number         0  usenofp.o(x$fpl$usenofp)
    Region$$Table$$Base                      0x30003fb0   Number         0  anon$$obj.o(Region$$Table)
    Region$$Table$$Limit                     0x30003fd0   Number         0  anon$$obj.o(Region$$Table)
    __ctype                                  0x30003fdd   Data           0  lc_ctype_c.o(locale$$data)
    f_nWhichUart                             0x30010004   Data           4  2410lib.o(.data)
    Image$$RW_ZI$$ZI$$Limit                  0x30010008   Data           1  2410lib.o(.data)
    nCNT                                     0x3001000c   Data           4  sys_init.o(.data)
    __libspace_start                         0x30010010   Data          96  libspace.o(.bss)
    __temporary_stack_top_libspace           0x30010070   Data           0  libspace.o(.bss)


================================================================================

Memory Map of the image

  Image Entry point : 0x300001f0

  Load Region LR_ROM1 (Base: 0x30000000, Size: 0x0000410c, Max: 0x00010000, ABSOLUTE)

    Execution Region ER_ROM1 (Base: 0x30000000, Size: 0x000040fc, Max: 0x00010000, ABSOLUTE)

    Base Addr    Size         Type   Attr      Idx    E Section Name        Object

    0x30000000   0x000001f0   Code   RO            3    RESET               s3c2410a.o
    0x300001f0   0x00000008   Code   RO          151  * !!!main             __main.o(c_t.l)
    0x300001f8   0x0000003c   Code   RO          388    !!!scatter          __scatter.o(c_t.l)
    0x30000234   0x00000028   Code   RO          390    !!handler_copy      __scatter_copy.o(c_t.l)
    0x3000025c   0x0000002c   Code   RO          392    !!handler_zi        __scatter_zi.o(c_t.l)
    0x30000288   0x00000004   Ven    RO          265    .emb_text           lib_init.o(c_t.l)
    0x3000028c   0x00000010   Code   RO          265    .emb_text           lib_init.o(c_t.l)
    0x3000029c   0x00000024   Code   RO            4    .text               s3c2410a.o
    0x300002c0   0x00000014   Code   RO           12    .text               main.o
    0x300002d4   0x00000120   Code   RO           50    .text               uart_test.o
    0x300003f4   0x00000b4c   Code   RO           66    .text               2410lib.o
    0x30000f40   0x000003f8   Code   RO          102    .text               sys_init.o
    0x30001338   0x00000004   Ven    RO          125    .text               rt_ctype_table.o(c_t.l)
    0x3000133c   0x00000018   Code   RO          125    .text               rt_ctype_table.o(c_t.l)
    0x30001354   0x00000008   Ven    RO          127    .text               atoi.o(c_t.l)
    0x3000135c   0x0000001e   Code   RO          127    .text               atoi.o(c_t.l)
    0x3000137a   0x00000002   PAD
    0x3000137c   0x00000008   Ven    RO          129    .text               c89vsprintf.o(c_t.l)
    0x30001384   0x0000002c   Code   RO          129    .text               c89vsprintf.o(c_t.l)
    0x300013b0   0x00000008   Ven    RO          131    .text               strlen.o(c_t.l)
    0x300013b8   0x00000048   Code   RO          131    .text               strlen.o(c_t.l)
    0x30001400   0x00000004   Ven    RO          133    .text               aeabi_sdiv.o(c_t.l)
    0x30001404   0x00000180   Code   RO          133    .text               aeabi_sdiv.o(c_t.l)
    0x30001584   0x00000040   Code   RO          149    .text               stkheap2.o(c_t.l)
    0x300015c4   0x00000068   Code   RO          171    .text               kernel.o(c_t.l)
    0x3000162c   0x00000060   Code   RO          174    .text               sys_stackheap_outer.o(c_t.l)
    0x3000168c   0x00000004   Ven    RO          183    .text               rt_errno_addr_intlibspace.o(c_t.l)
    0x30001690   0x00000010   Code   RO          183    .text               rt_errno_addr_intlibspace.o(c_t.l)
    0x300016a0   0x00000010   Code   RO          188    .text               rt_stackheap_storage_intlibspace.o(c_t.l)
    0x300016b0   0x00000004   Ven    RO          193    .text               rt_locale_intlibspace.o(c_t.l)
    0x300016b4   0x00000010   Code   RO          193    .text               rt_locale_intlibspace.o(c_t.l)
    0x300016c4   0x00000054   Code   RO          195    .text               _printf_pad.o(c_t.l)
    0x30001718   0x0000002c   Code   RO          197    .text               _printf_truncate.o(c_t.l)
    0x30001744   0x0000005e   Code   RO          199    .text               _printf_str.o(c_t.l)
    0x300017a2   0x00000002   PAD
    0x300017a4   0x000000c0   Code   RO          201    .text               _printf_wctomb.o(c_t.l)
    0x30001864   0x000000cc   Code   RO          204    .text               _printf_longlong_hex.o(c_t.l)
    0x30001930   0x00000094   Code   RO          207    .text               _printf_longlong_oct.o(c_t.l)
    0x300019c4   0x00000074   Code   RO          209    .text               _printf_dec.o(c_t.l)
    0x30001a38   0x0000008c   Code   RO          211    .text               _printf_longlong_dec.o(c_t.l)
    0x30001ac4   0x00000024   Code   RO          213    .text               _printf_charcount.o(c_t.l)
    0x30001ae8   0x00000034   Code   RO          215    .text               _printf_char_common.o(c_t.l)
    0x30001b1c   0x0000000a   Code   RO          217    .text               _sputc.o(c_t.l)
    0x30001b26   0x00000002   PAD
    0x30001b28   0x00000074   Code   RO          219    .text               strtol.o(c_t.l)
    0x30001b9c   0x00000018   Code   RO          233    .text               sys_exit.o(c_t.l)
    0x30001bb4   0x0000000c   Code   RO          235    .text               libspace.o(c_t.l)
    0x30001bc0   0x00000004   Ven    RO          240    .text               lludiv10.o(c_t.l)
    0x30001bc4   0x000000a0   Code   RO          240    .text               lludiv10.o(c_t.l)
    0x30001c64   0x000002f8   Code   RO          242    .text               __printf.o(c_t.l)
    0x30001f5c   0x000000a8   Code   RO          245    .text               _printf_intcommon.o(c_t.l)
    0x30002004   0x000004a0   Code   RO          247    .text               _printf_fp_dec.o(c_t.l)
    0x300024a4   0x00000020   Code   RO          249    .text               _printf_outstr_char.o(c_t.l)
    0x300024c4   0x0000000a   Code   RO          251    .text               _printf_input_char.o(c_t.l)
    0x300024ce   0x000000a6   Code   RO          253    .text               _strtoul.o(c_t.l)
    0x30002574   0x0000004a   Code   RO          255    .text               _wcrtomb.o(c_t.l)
    0x300025be   0x0000000c   Code   RO          257    .text               exit.o(c_t.l)
    0x300025ca   0x00000002   PAD
    0x300025cc   0x000000a0   Code   RO          259    .text               strcmp.o(c_t.l)
    0x3000266c   0x00000004   Ven    RO          261    .text               rtudiv10.o(c_t.l)
    0x30002670   0x0000002c   Code   RO          261    .text               rtudiv10.o(c_t.l)
    0x3000269c   0x00000008   Ven    RO          266    .text               lib_init.o(c_t.l)
    0x300026a4   0x000000ce   Code   RO          266    .text               lib_init.o(c_t.l)
    0x30002772   0x00000002   PAD
    0x30002774   0x0000000c   Code   RO          271    .text               boardinit2.o(c_t.l)
    0x30002780   0x00000010   Code   RO          273    .text               boardinit3.o(c_t.l)
    0x30002790   0x00000010   Code   RO          279    .text               callvia.o(h_t.l)
    0x300027a0   0x00000004   Code   RO          280    .text               use_no_semi.o(c_t.l)
    0x300027a4   0x000000c8   Code   RO          282    .text               bigflt0.o(c_t.l)
    0x3000286c   0x00000022   Code   RO          307    .text               _chval.o(c_t.l)
    0x3000288e   0x00000006   Code   RO          320    .text               no_argv.o(c_t.l)
    0x30002894   0x00000010   Code   RO          339    .text               rt_fp_status_addr_intlibspace.o(c_t.l)
    0x300028a4   0x00000004   Ven    RO          285    CL$$btod_d2e        btod.o(c_t.l)
    0x300028a8   0x00000038   Code   RO          285    CL$$btod_d2e        btod.o(c_t.l)
    0x300028e0   0x00000054   Code   RO          287    CL$$btod_d2e_denorm_low  btod.o(c_t.l)
    0x30002934   0x00000068   Code   RO          286    CL$$btod_d2e_norm_op1  btod.o(c_t.l)
    0x3000299c   0x0000034c   Code   RO          295    CL$$btod_div_common  btod.o(c_t.l)
    0x30002ce8   0x000000dc   Code   RO          292    CL$$btod_e2e        btod.o(c_t.l)
    0x30002dc4   0x00000004   Ven    RO          289    CL$$btod_ediv       btod.o(c_t.l)
    0x30002dc8   0x00000034   Code   RO          289    CL$$btod_ediv       btod.o(c_t.l)
    0x30002dfc   0x00000004   Ven    RO          288    CL$$btod_emul       btod.o(c_t.l)
    0x30002e00   0x00000034   Code   RO          288    CL$$btod_emul       btod.o(c_t.l)
    0x30002e34   0x00000268   Code   RO          294    CL$$btod_mult_common  btod.o(c_t.l)
    0x3000309c   0x0000000c   Ven    RO          415    Veneer$$Code        anon$$obj.o
    0x300030a8   0x00000008   Ven    RO          416    Veneer$$Code        anon$$obj.o
    0x300030b0   0x0000000c   Ven    RO          417    Veneer$$Code        anon$$obj.o
    0x300030bc   0x00000030   Code   RO          361    i.__ARM_fpclassify  fpclassify.o(m_ts.l)
    0x300030ec   0x00000004   Ven    RO          328    i.__mathlib_classify  classify.o(m_ts.l)
    0x300030f0   0x00000038   Code   RO          328    i.__mathlib_classify  classify.o(m_ts.l)
    0x30003128   0x00000004   Ven    RO          330    i.__support_dtoi    dtoi.o(m_ts.l)
    0x3000312c   0x00000060   Code   RO          330    i.__support_dtoi    dtoi.o(m_ts.l)
    0x3000318c   0x00000004   Ven    RO          222    locale$$code        lc_ctype_c.o(c_t.l)
    0x30003190   0x00000050   Code   RO          222    locale$$code        lc_ctype_c.o(c_t.l)
    0x300031e0   0x00000004   Ven    RO          310    locale$$code        lc_numeric_c.o(c_t.l)
    0x300031e4   0x00000050   Code   RO          310    locale$$code        lc_numeric_c.o(c_t.l)
    0x30003234   0x000001d4   Code   RO          153    x$fpl$dadd          daddsub_noclz.o(fz_ts.l)
    0x30003408   0x00000010   Code   RO          225    x$fpl$dcheck        dcheck.o(fz_ts.l)
    0x30003418   0x00000010   Code   RO          227    x$fpl$dcheck1       dcheck1.o(fz_ts.l)
    0x30003428   0x000004c0   Code   RO          160    x$fpl$ddiv          ddiv.o(fz_ts.l)
    0x300038e8   0x000000b0   Code   RO          163    x$fpl$dfix          dfix.o(fz_ts.l)
    0x30003998   0x00000058   Code   RO          168    x$fpl$dflt          dflt_noclz.o(fz_ts.l)
    0x300039f0   0x00000248   Code   RO          155    x$fpl$dsub          daddsub_noclz.o(fz_ts.l)
    0x30003c38   0x00000114   Code   RO          229    x$fpl$dunder        dunder.o(fz_ts.l)
    0x30003d4c   0x00000004   Ven    RO          326    x$fpl$fpinit        fpinit.o(fz_ts.l)
    0x30003d50   0x00000018   Code   RO          326    x$fpl$fpinit        fpinit.o(fz_ts.l)
    0x30003d68   0x00000004   Ven    RO          324    x$fpl$ieeestatus    istatus.o(fz_ts.l)
    0x30003d6c   0x00000008   Code   RO          324    x$fpl$ieeestatus    istatus.o(fz_ts.l)
    0x30003d74   0x00000004   Ven    RO          231    x$fpl$printf1       printf1.o(fz_ts.l)
    0x30003d78   0x00000004   Code   RO          231    x$fpl$printf1       printf1.o(fz_ts.l)
    0x30003d7c   0x00000074   Code   RO          277    x$fpl$retnan        retnan.o(fz_ts.l)
    0x30003df0   0x0000006c   Code   RO          356    x$fpl$scalbn        scalbn_noclz.o(fz_ts.l)
    0x30003e5c   0x0000003c   Code   RO          322    x$fpl$trapveneer    trapv.o(fz_ts.l)
    0x30003e98   0x00000000   Code   RO          224    x$fpl$usenofp       usenofp.o(fz_ts.l)
    0x30003e98   0x00000048   Data   RO          104    .constdata          sys_init.o
    0x30003ee0   0x00000008   Data   RO          202    .constdata          _printf_wctomb.o(c_t.l)
    0x30003ee8   0x00000022   Data   RO          205    .constdata          _printf_longlong_hex.o(c_t.l)
    0x30003f0a   0x00000011   Data   RO          243    .constdata          __printf.o(c_t.l)
    0x30003f1b   0x00000001   PAD
    0x30003f1c   0x00000094   Data   RO          283    .constdata          bigflt0.o(c_t.l)
    0x30003fb0   0x00000020   Data   RO          387    Region$$Table       anon$$obj.o
    0x30003fd0   0x00000110   Data   RO          221    locale$$data        lc_ctype_c.o(c_t.l)
    0x300040e0   0x0000001c   Data   RO          309    locale$$data        lc_numeric_c.o(c_t.l)


    Execution Region RW_RAM1 (Base: 0x30010000, Size: 0x0000e870, Max: 0x01000000, ABSOLUTE)

    Base Addr    Size         Type   Attr      Idx    E Section Name        Object

    0x30010000   0x00000009   Data   RW           67    .data               2410lib.o
    0x30010009   0x00000003   PAD
    0x3001000c   0x00000004   Data   RW          103    .data               sys_init.o
    0x30010010   0x00000060   Zero   RW          236    .bss                libspace.o(c_t.l)
    0x30010070   0x00004800   Zero   RW            2    HEAP                s3c2410a.o
    0x30014870   0x0000a000   Zero   RW            1    STACK               s3c2410a.o


================================================================================

Image component sizes


      Code (inc. data)   RO Data    RW Data    ZI Data      Debug   Object Name

      2892        116          0          9          0       6226   2410lib.o
        20          0          0          0          0       6533   main.o
       532        204          0          0      59392        576   s3c2410a.o
      1016        280         72          4          0       1510   sys_init.o
       288        128          0          0          0        589   uart_test.o

    ------------------------------------------------------------------------
      4780        736        104         16      59392      15436   Object Totals
        32          8         32          0          0          0   (incl. Generated)
         0          0          0          3          0          2   (incl. Padding)

    ------------------------------------------------------------------------

      Code (inc. data)   RO Data    RW Data    ZI Data      Debug   Library Member Name

         8          0          0          0          0          0   __main.o
       760          6         17          0          0          0   __printf.o
        60          8          0          0          0          0   __scatter.o
        40          0          0          0          0          0   __scatter_copy.o
        44          0          0          0          0          0   __scatter_zi.o
        34          0          0          0          0          0   _chval.o
        52          8          0          0          0          0   _printf_char_common.o
        36          0          0          0          0          0   _printf_charcount.o
       116         18          0          0          0          0   _printf_dec.o
      1184         30          0          0          0          0   _printf_fp_dec.o
        10          0          0          0          0          0   _printf_input_char.o
       168          0          0          0          0          0   _printf_intcommon.o
       140         16          0          0          0          0   _printf_longlong_dec.o
       204         22         34          0          0          0   _printf_longlong_hex.o
       148         10          0          0          0          0   _printf_longlong_oct.o
        32          0          0          0          0          0   _printf_outstr_char.o
        84          0          0          0          0          0   _printf_pad.o
        94          0          0          0          0          0   _printf_str.o
        44          0          0          0          0          0   _printf_truncate.o
       192          4          8          0          0          0   _printf_wctomb.o
        10          0          0          0          0          0   _sputc.o
       166          0          0          0          0          0   _strtoul.o
        74          0          0          0          0          0   _wcrtomb.o
       388          0          0          0          0          0   aeabi_sdiv.o
        38          0          0          0          0          0   atoi.o
       200          4        148          0          0          0   bigflt0.o
        12          0          0          0          0          0   boardinit2.o
        16          0          0          0          0          0   boardinit3.o
      2040        128          0          0          0          0   btod.o
        52          6          0          0          0          0   c89vsprintf.o
        16          0          0          0          0          0   callvia.o
        60          0          0          0          0          0   classify.o
      1052         28          0          0          0          0   daddsub_noclz.o
        16          4          0          0          0          0   dcheck.o
        16          4          0          0          0          0   dcheck1.o
      1216        144          0          0          0          0   ddiv.o
       176          4          0          0          0          0   dfix.o
        88          0          0          0          0          0   dflt_noclz.o
       100          0          0          0          0          0   dtoi.o
       276          0          0          0          0          0   dunder.o
        12          0          0          0          0          0   exit.o
        48          4          0          0          0          0   fpclassify.o
        28          0          0          0          0          0   fpinit.o
        12          0          0          0          0          0   istatus.o
       104          4          0          0          0          0   kernel.o
        84          8        272          0          0          0   lc_ctype_c.o
        84          8         28          0          0          0   lc_numeric_c.o
       234          4          0          0          0          0   lib_init.o
        12          4          0          0         96          0   libspace.o
       164          0          0          0          0          0   lludiv10.o
         6          0          0          0          0          0   no_argv.o
         8          0          0          0          0          0   printf1.o
       116          0          0          0          0          0   retnan.o
        28          4          0          0          0          0   rt_ctype_table.o
        20          4          0          0          0          0   rt_errno_addr_intlibspace.o
        16          4          0          0          0          0   rt_fp_status_addr_intlibspace.o
        20          4          0          0          0          0   rt_locale_intlibspace.o
        16          4          0          0          0          0   rt_stackheap_storage_intlibspace.o
        48          0          0          0          0          0   rtudiv10.o
       108          0          0          0          0          0   scalbn_noclz.o
        64          0          0          0          0          0   stkheap2.o
       160          4          0          0          0          0   strcmp.o
        80          4          0          0          0          0   strlen.o
       116          4          0          0          0          0   strtol.o
        24          8          0          0          0          0   sys_exit.o
        96          0          0          0          0          0   sys_stackheap_outer.o
        60          0          0          0          0          0   trapv.o
         4          0          0          0          0          0   use_no_semi.o
         0          0          0          0          0          0   usenofp.o

    ------------------------------------------------------------------------
     11244        516        508          0         96          0   Library Totals
        10          0          1          0          0          0   (incl. Padding)

    ------------------------------------------------------------------------

      Code (inc. data)   RO Data    RW Data    ZI Data      Debug   Library Name

      7838        328        507          0         96          0   c_t.l
      3172        184          0          0          0          0   fz_ts.l
        16          0          0          0          0          0   h_t.l
       208          4          0          0          0          0   m_ts.l

    ------------------------------------------------------------------------
     11244        516        508          0         96          0   Library Totals

    ------------------------------------------------------------------------

================================================================================


      Code (inc. data)   RO Data    RW Data    ZI Data      Debug   

     16024       1252        612         16      59488      15436   Grand Totals
     16024       1252        612         16      59488      15436   ELF Image Totals
     16024       1252        612         16          0          0   ROM Totals

================================================================================

    Total RO  Size (Code + RO Data)                16636 (  16.25kB)
    Total RW  Size (RW Data + ZI Data)             59504 (  58.11kB)
    Total ROM Size (Code + RO Data + RW Data)      16652 (  16.26kB)

================================================================================

