Build target 'UART_Test IN RAM'
assembling S3C2410A.s...
S3C2410A.s(989): warning: A1786W: This instruction using SP is deprecated in ARMv7
compiling main.c...
compiling uart_test.c...
compiling 2410lib.c...
compiling sys_init.c...
linking...
Program Size: Code=16040 RO-data=612 RW-data=16 ZI-data=59488  
".\SDRAM\UART_Test.axf" - 0 Error(s), 1 Warning(s).
Build target 'UART_Test IN RAM'
assembling S3C2410A.s...
S3C2410A.s(989): warning: A1786W: This instruction using SP is deprecated in ARMv7
compiling main.c...
compiling uart_test.c...
compiling 2410lib.c...
compiling sys_init.c...
linking...
Program Size: Code=16040 RO-data=612 RW-data=16 ZI-data=59488  
".\SDRAM\UART_Test.axf" - 0 Error(s), 1 Warning(s).
Build target 'UART_Test IN RAM'
assembling S3C2410A.s...
S3C2410A.s(989): warning: A1786W: This instruction using SP is deprecated in ARMv7
compiling main.c...
compiling uart_test.c...
compiling 2410lib.c...
compiling sys_init.c...
linking...
Program Size: Code=16040 RO-data=612 RW-data=16 ZI-data=59488  
".\SDRAM\UART_Test.axf" - 0 Error(s), 1 Warning(s).
Build target 'UART_Test IN RAM'
assembling S3C2410A.s...
S3C2410A.s(989): warning: A1786W: This instruction using SP is deprecated in ARMv7
compiling main.c...
compiling uart_test.c...
compiling 2410lib.c...
compiling sys_init.c...
linking...
Program Size: Code=16040 RO-data=612 RW-data=16 ZI-data=59488  
".\SDRAM\UART_Test.axf" - 0 Error(s), 1 Warning(s).
Build target 'UART_Test IN RAM'
assembling S3C2410A.s...
S3C2410A.s(989): warning: A1786W: This instruction using SP is deprecated in ARMv7
compiling main.c...
compiling uart_test.c...
compiling 2410lib.c...
compiling sys_init.c...
linking...
Program Size: Code=16040 RO-data=612 RW-data=16 ZI-data=59488  
".\SDRAM\UART_Test.axf" - 0 Error(s), 1 Warning(s).
Build target 'UART_Test IN RAM'
assembling S3C2410A.s...
S3C2410A.s(989): warning: A1786W: This instruction using SP is deprecated in ARMv7
compiling main.c...
compiling uart_test.c...
compiling 2410lib.c...
compiling sys_init.c...
linking...
Program Size: Code=16040 RO-data=612 RW-data=16 ZI-data=59488  
".\SDRAM\UART_Test.axf" - 0 Error(s), 1 Warning(s).
Build target 'UART_Test IN RAM'
assembling S3C2410A.s...
S3C2410A.s(989): warning: A1786W: This instruction using SP is deprecated in ARMv7
compiling main.c...
compiling uart_test.c...
compiling 2410lib.c...
compiling sys_init.c...
linking...
Program Size: Code=16024 RO-data=612 RW-data=16 ZI-data=59488  
".\SDRAM\UART_Test.axf" - 0 Error(s), 1 Warning(s).
